<?xml version="1.0" encoding="UTF-8"?>
<testsuites name="Mocha Tests" time="106.069" tests="1" failures="1">
  <testsuite name="Root Suite" timestamp="2024-09-23T16:44:52" tests="0" file="cypress\e2e\reporting\usDisbursement.cy.js" time="0.000" failures="0">
  </testsuite>
  <testsuite name="Reporting Test Page - US Disbursement" timestamp="2024-09-23T16:44:52" tests="1" time="106.063" failures="1">
    <testcase name="Reporting Test Page - US Disbursement &quot;before each&quot; hook for &quot;Check Reporting &gt; US Disbursement - Search for Valid content&quot;" time="0.000" classname="&quot;before each&quot; hook for &quot;Check Reporting &gt; US Disbursement - Search for Valid content&quot;">
      <failure message="Timed out retrying after 90000ms: Expected to find element: `#bannerFrame`, but never found it.

Because this error occurred during a `before each` hook we are skipping the remaining tests in the current suite: `Reporting Test Page - US Di...`" type="AssertionError"><![CDATA[AssertionError: Timed out retrying after 90000ms: Expected to find element: `#bannerFrame`, but never found it.

Because this error occurred during a `before each` hook we are skipping the remaining tests in the current suite: `Reporting Test Page - US Di...`
    at Context.frameLoaded (webpack://cypressautomationproject2023/./node_modules/cypress-iframe/dist/index.js:79:0)]]></failure>
    </testcase>
  </testsuite>
</testsuites>